// Jest Snapshot v1, https://goo.gl/fbAQLP

exports[`DataTable.TableSelectRow should render 1`] = `
<Table
  prefix="bx"
  short={false}
  zebra={true}
>
  <table
    className="bx--data-table-v2 bx--data-table-v2--zebra"
  >
    <TableHead
      prefix="bx"
    >
      <thead>
        <TableRow
          prefix="bx"
        >
          <tr>
            <TableSelectRow
              ariaLabel="Aria label"
              checked={false}
              className="custom-class-name"
              id="id"
              name="select-all"
              onSelect={[MockFunction]}
            >
              <td>
                <InlineCheckbox
                  ariaLabel="Aria label"
                  checked={false}
                  id="id"
                  name="select-all"
                  onClick={[MockFunction]}
                  prefix="bx"
                >
                  <input
                    checked={false}
                    className="bx--checkbox"
                    id="id"
                    name="select-all"
                    onClick={[MockFunction]}
                    type="checkbox"
                  />
                  <label
                    aria-label="Aria label"
                    className="bx--checkbox-label"
                    htmlFor="id"
                  />
                </InlineCheckbox>
              </td>
            </TableSelectRow>
          </tr>
        </TableRow>
      </thead>
    </TableHead>
  </table>
</Table>
`;
