// Jest Snapshot v1, https://goo.gl/fbAQLP

exports[`DataTable.Table should render 1`] = `
<Table
  className="custom-class"
  prefix="bx"
  short={false}
  zebra={true}
>
  <table
    className="bx--data-table-v2 custom-class bx--data-table-v2--zebra"
  />
</Table>
`;
