// Jest Snapshot v1, https://goo.gl/fbAQLP

exports[`DataTable.TableHead should render 1`] = `
<Table
  prefix="bx"
  short={false}
  zebra={true}
>
  <table
    className="bx--data-table-v2 bx--data-table-v2--zebra"
  >
    <TableHead
      className="custom-class"
      prefix="bx"
    >
      <thead
        className="custom-class"
      />
    </TableHead>
  </table>
</Table>
`;
