// Jest Snapshot v1, https://goo.gl/fbAQLP

exports[`DataTable.TableCell should render 1`] = `
<Table
  prefix="bx"
  short={false}
  zebra={true}
>
  <table
    className="bx--data-table-v2 bx--data-table-v2--zebra"
  >
    <TableBody
      prefix="bx"
    >
      <tbody>
        <TableRow
          prefix="bx"
        >
          <tr>
            <TableCell
              className="custom-class"
              prefix="bx"
            >
              <td
                className="custom-class"
              />
            </TableCell>
          </tr>
        </TableRow>
      </tbody>
    </TableBody>
  </table>
</Table>
`;
