// Jest Snapshot v1, https://goo.gl/fbAQLP

exports[`ListBoxLabel should render 1`] = `
<div
  className="bx--list-box__label"
>
  <ListBoxBadge
    clearSelection={[Function]}
    count={5}
  />
  Label
</div>
`;
